// Jest Snapshot v1, https://goo.gl/fbAQLP

exports[`Button should match 1`] = `"<button class="button">Click Me</button>"`;
