// Jest Snapshot v1, https://goo.gl/fbAQLP

exports[`SearchForm should match 1`] = `"<form class="form-search"><input class="input" type="text" placeholder="Search" required="true"><button class="custom-button"><img class="search_img" src="png-mock"></button></form>"`;
