// Jest Snapshot v1, https://goo.gl/fbAQLP

exports[`Header should match 1`] = `"<header class="header"><ul class="nav-list hidden" style="display: flex;"><li class="nav-list_item" data-nav-item="Home">Home</li><li class="nav-list_item" data-nav-item="Category">Category</li><li class="nav-list_item" data-nav-item="Sign in">Sign in</li><li class="nav-list_item" data-nav-item="Sign up">Sign up</li><li class="nav-list_item" data-nav-item="Profile">Profile</li><li class="nav-list_item" data-nav-item="About">About</li><li class="nav-list_item" data-nav-item="Logout">Logout</li></ul><div class="nav-list__item-container"><img src="svg-mock" data-nav-item="Bag" class="nav-list__item-bag"><h5 id="cart_length"></h5></div><button class="custom-button" style="display: none;">â˜°</button></header>"`;
