// Jest Snapshot v1, https://goo.gl/fbAQLP

exports[`NavItem should match 1`] = `"<li class="nav-list_item" data-nav-item="item">item</li>"`;
